2026-05-30T09:25:44.490+03:00  INFO 1860 --- [E_voting] [main] c.example.E_voting.EVotingApplication    : Starting EVotingApplication using Java 24.0.1 with PID 1860 (/Users/Ahmed/Downloads/Students-E_voting-/target/classes started by user in /Users/Ahmed/Downloads/Students-E_voting-)
2026-05-30T09:25:44.493+03:00  INFO 1860 --- [E_voting] [main] c.example.E_voting.EVotingApplication    : No active profile set, falling back to 1 default profile: "default"
2026-05-30T09:25:44.953+03:00  INFO 1860 --- [E_voting] [main] .s.d.r.c.RepositoryConfigurationDelegate : Bootstrapping Spring Data JPA repositories in DEFAULT mode.
2026-05-30T09:25:44.984+03:00  INFO 1860 --- [E_voting] [main] .s.d.r.c.RepositoryConfigurationDelegate : Finished Spring Data repository scanning in 26 ms. Found 7 JPA repository interfaces.
2026-05-30T09:25:45.207+03:00  INFO 1860 --- [E_voting] [main] o.s.b.w.embedded.tomcat.TomcatWebServer  : Tomcat initialized with port 9097 (http)
2026-05-30T09:25:45.214+03:00  INFO 1860 --- [E_voting] [main] o.apache.catalina.core.StandardService   : Starting service [Tomcat]
2026-05-30T09:25:45.214+03:00  INFO 1860 --- [E_voting] [main] o.apache.catalina.core.StandardEngine    : Starting Servlet engine: [Apache Tomcat/10.1.43]
2026-05-30T09:25:45.243+03:00  INFO 1860 --- [E_voting] [main] o.a.c.c.C.[Tomcat].[localhost].[/]       : Initializing Spring embedded WebApplicationContext
2026-05-30T09:25:45.243+03:00  INFO 1860 --- [E_voting] [main] w.s.c.ServletWebServerApplicationContext : Root WebApplicationContext: initialization completed in 725 ms
2026-05-30T09:25:45.327+03:00  INFO 1860 --- [E_voting] [main] com.zaxxer.hikari.HikariDataSource       : HikariPool-1 - Starting...
2026-05-30T09:25:45.638+03:00  INFO 1860 --- [E_voting] [main] com.zaxxer.hikari.pool.HikariPool        : HikariPool-1 - Added connection com.mysql.cj.jdbc.ConnectionImpl@3d0352
2026-05-30T09:25:45.638+03:00  INFO 1860 --- [E_voting] [main] com.zaxxer.hikari.HikariDataSource       : HikariPool-1 - Start completed.
2026-05-30T09:25:45.750+03:00  INFO 1860 --- [E_voting] [main] o.hibernate.jpa.internal.util.LogHelper  : HHH000204: Processing PersistenceUnitInfo [name: default]
2026-05-30T09:25:45.774+03:00  INFO 1860 --- [E_voting] [main] org.hibernate.Version                    : HHH000412: Hibernate ORM core version 6.6.22.Final
2026-05-30T09:25:45.788+03:00  INFO 1860 --- [E_voting] [main] o.h.c.internal.RegionFactoryInitiator    : HHH000026: Second-level cache disabled
2026-05-30T09:25:45.898+03:00  INFO 1860 --- [E_voting] [main] o.s.o.j.p.SpringPersistenceUnitInfo      : No LoadTimeWeaver setup: ignoring JPA class transformer
2026-05-30T09:25:45.947+03:00  WARN 1860 --- [E_voting] [main] org.hibernate.orm.deprecation            : HHH90000025: MySQLDialect does not need to be specified explicitly using 'hibernate.dialect' (remove the property setting and it will be selected by default)
2026-05-30T09:25:45.951+03:00  INFO 1860 --- [E_voting] [main] org.hibernate.orm.connections.pooling    : HHH10001005: Database info:
	Database JDBC URL [Connecting through datasource 'HikariDataSource (HikariPool-1)']
	Database driver: undefined/unknown
	Database version: 9.3
	Autocommit mode: undefined/unknown
	Isolation level: undefined/unknown
	Minimum pool size: undefined/unknown
	Maximum pool size: undefined/unknown
2026-05-30T09:25:46.303+03:00  INFO 1860 --- [E_voting] [main] o.h.e.t.j.p.i.JtaPlatformInitiator       : HHH000489: No JTA platform available (set 'hibernate.transaction.jta.platform' to enable JTA platform integration)
2026-05-30T09:25:46.381+03:00  INFO 1860 --- [E_voting] [main] j.LocalContainerEntityManagerFactoryBean : Initialized JPA EntityManagerFactory for persistence unit 'default'
2026-05-30T09:25:46.758+03:00  WARN 1860 --- [E_voting] [main] JpaBaseConfiguration$JpaWebConfiguration : spring.jpa.open-in-view is enabled by default. Therefore, database queries may be performed during view rendering. Explicitly configure spring.jpa.open-in-view to disable this warning
2026-05-30T09:25:46.872+03:00  INFO 1860 --- [E_voting] [main] o.s.b.a.e.web.EndpointLinksResolver      : Exposing 1 endpoint beneath base path '/actuator'
2026-05-30T09:25:46.888+03:00  WARN 1860 --- [E_voting] [main] .s.s.UserDetailsServiceAutoConfiguration : 

Using generated security password: 793cf8fe-3380-476b-a707-261db201c561

This generated password is for development use only. Your security configuration must be updated before running your application in production.

2026-05-30T09:25:46.891+03:00  INFO 1860 --- [E_voting] [main] r$InitializeUserDetailsManagerConfigurer : Global AuthenticationManager configured with UserDetailsService bean with name inMemoryUserDetailsManager
2026-05-30T09:25:47.103+03:00  INFO 1860 --- [E_voting] [main] o.s.b.w.embedded.tomcat.TomcatWebServer  : Tomcat started on port 9097 (http) with context path '/'
2026-05-30T09:25:47.112+03:00  INFO 1860 --- [E_voting] [main] c.example.E_voting.EVotingApplication    : Started EVotingApplication in 2.825 seconds (process running for 2.994)
2026-05-30T09:26:01.909+03:00  INFO 1860 --- [E_voting] [http-nio-9097-exec-1] o.a.c.c.C.[Tomcat].[localhost].[/]       : Initializing Spring DispatcherServlet 'dispatcherServlet'
2026-05-30T09:26:01.909+03:00  INFO 1860 --- [E_voting] [http-nio-9097-exec-1] o.s.web.servlet.DispatcherServlet        : Initializing Servlet 'dispatcherServlet'
2026-05-30T09:26:01.915+03:00  INFO 1860 --- [E_voting] [http-nio-9097-exec-1] o.s.web.servlet.DispatcherServlet        : Completed initialization in 5 ms
2026-05-30T09:31:00.079+03:00  INFO 1860 --- [E_voting] [SpringApplicationShutdownHook] o.s.b.w.e.tomcat.GracefulShutdown        : Commencing graceful shutdown. Waiting for active requests to complete
2026-05-30T09:31:00.123+03:00  INFO 1860 --- [E_voting] [tomcat-shutdown] o.s.b.w.e.tomcat.GracefulShutdown        : Graceful shutdown complete
2026-05-30T09:31:00.167+03:00  INFO 1860 --- [E_voting] [SpringApplicationShutdownHook] j.LocalContainerEntityManagerFactoryBean : Closing JPA EntityManagerFactory for persistence unit 'default'
2026-05-30T09:31:00.199+03:00  INFO 1860 --- [E_voting] [SpringApplicationShutdownHook] com.zaxxer.hikari.HikariDataSource       : HikariPool-1 - Shutdown initiated...
2026-05-30T09:31:00.217+03:00  INFO 1860 --- [E_voting] [SpringApplicationShutdownHook] com.zaxxer.hikari.HikariDataSource       : HikariPool-1 - Shutdown completed.
2026-05-30T09:31:04.967+03:00  INFO 2716 --- [E_voting] [main] c.example.E_voting.EVotingApplication    : Starting EVotingApplication using Java 24.0.1 with PID 2716 (/Users/Ahmed/Downloads/Students-E_voting-/target/classes started by user in /Users/Ahmed/Downloads/Students-E_voting-)
2026-05-30T09:31:04.967+03:00  INFO 2716 --- [E_voting] [main] c.example.E_voting.EVotingApplication    : No active profile set, falling back to 1 default profile: "default"
2026-05-30T09:31:05.339+03:00  INFO 2716 --- [E_voting] [main] .s.d.r.c.RepositoryConfigurationDelegate : Bootstrapping Spring Data JPA repositories in DEFAULT mode.
2026-05-30T09:31:05.364+03:00  INFO 2716 --- [E_voting] [main] .s.d.r.c.RepositoryConfigurationDelegate : Finished Spring Data repository scanning in 22 ms. Found 7 JPA repository interfaces.
2026-05-30T09:31:05.567+03:00  INFO 2716 --- [E_voting] [main] o.s.b.w.embedded.tomcat.TomcatWebServer  : Tomcat initialized with port 9097 (http)
2026-05-30T09:31:05.574+03:00  INFO 2716 --- [E_voting] [main] o.apache.catalina.core.StandardService   : Starting service [Tomcat]
2026-05-30T09:31:05.575+03:00  INFO 2716 --- [E_voting] [main] o.apache.catalina.core.StandardEngine    : Starting Servlet engine: [Apache Tomcat/10.1.43]
2026-05-30T09:31:05.605+03:00  INFO 2716 --- [E_voting] [main] o.a.c.c.C.[Tomcat].[localhost].[/]       : Initializing Spring embedded WebApplicationContext
2026-05-30T09:31:05.605+03:00  INFO 2716 --- [E_voting] [main] w.s.c.ServletWebServerApplicationContext : Root WebApplicationContext: initialization completed in 618 ms
2026-05-30T09:31:05.682+03:00  INFO 2716 --- [E_voting] [main] com.zaxxer.hikari.HikariDataSource       : HikariPool-1 - Starting...
2026-05-30T09:31:05.900+03:00  INFO 2716 --- [E_voting] [main] com.zaxxer.hikari.pool.HikariPool        : HikariPool-1 - Added connection com.mysql.cj.jdbc.ConnectionImpl@6e068ac9
2026-05-30T09:31:05.901+03:00  INFO 2716 --- [E_voting] [main] com.zaxxer.hikari.HikariDataSource       : HikariPool-1 - Start completed.
2026-05-30T09:31:05.979+03:00  INFO 2716 --- [E_voting] [main] o.hibernate.jpa.internal.util.LogHelper  : HHH000204: Processing PersistenceUnitInfo [name: default]
2026-05-30T09:31:06.001+03:00  INFO 2716 --- [E_voting] [main] org.hibernate.Version                    : HHH000412: Hibernate ORM core version 6.6.22.Final
2026-05-30T09:31:06.014+03:00  INFO 2716 --- [E_voting] [main] o.h.c.internal.RegionFactoryInitiator    : HHH000026: Second-level cache disabled
2026-05-30T09:31:06.122+03:00  INFO 2716 --- [E_voting] [main] o.s.o.j.p.SpringPersistenceUnitInfo      : No LoadTimeWeaver setup: ignoring JPA class transformer
2026-05-30T09:31:06.165+03:00  WARN 2716 --- [E_voting] [main] org.hibernate.orm.deprecation            : HHH90000025: MySQLDialect does not need to be specified explicitly using 'hibernate.dialect' (remove the property setting and it will be selected by default)
2026-05-30T09:31:06.170+03:00  INFO 2716 --- [E_voting] [main] org.hibernate.orm.connections.pooling    : HHH10001005: Database info:
	Database JDBC URL [Connecting through datasource 'HikariDataSource (HikariPool-1)']
	Database driver: undefined/unknown
	Database version: 9.3
	Autocommit mode: undefined/unknown
	Isolation level: undefined/unknown
	Minimum pool size: undefined/unknown
	Maximum pool size: undefined/unknown
2026-05-30T09:31:06.507+03:00  INFO 2716 --- [E_voting] [main] o.h.e.t.j.p.i.JtaPlatformInitiator       : HHH000489: No JTA platform available (set 'hibernate.transaction.jta.platform' to enable JTA platform integration)
2026-05-30T09:31:06.577+03:00  INFO 2716 --- [E_voting] [main] j.LocalContainerEntityManagerFactoryBean : Initialized JPA EntityManagerFactory for persistence unit 'default'
2026-05-30T09:31:06.934+03:00  WARN 2716 --- [E_voting] [main] JpaBaseConfiguration$JpaWebConfiguration : spring.jpa.open-in-view is enabled by default. Therefore, database queries may be performed during view rendering. Explicitly configure spring.jpa.open-in-view to disable this warning
2026-05-30T09:31:07.043+03:00  INFO 2716 --- [E_voting] [main] o.s.b.a.e.web.EndpointLinksResolver      : Exposing 1 endpoint beneath base path '/actuator'
2026-05-30T09:31:07.058+03:00  WARN 2716 --- [E_voting] [main] .s.s.UserDetailsServiceAutoConfiguration : 

Using generated security password: e31c43df-4f50-44ad-9f50-7a68320ba0a6

This generated password is for development use only. Your security configuration must be updated before running your application in production.

2026-05-30T09:31:07.060+03:00  INFO 2716 --- [E_voting] [main] r$InitializeUserDetailsManagerConfigurer : Global AuthenticationManager configured with UserDetailsService bean with name inMemoryUserDetailsManager
2026-05-30T09:31:07.266+03:00  INFO 2716 --- [E_voting] [main] o.s.b.w.embedded.tomcat.TomcatWebServer  : Tomcat started on port 9097 (http) with context path '/'
2026-05-30T09:31:07.275+03:00  INFO 2716 --- [E_voting] [main] c.example.E_voting.EVotingApplication    : Started EVotingApplication in 2.506 seconds (process running for 2.652)
2026-05-30T09:32:36.655+03:00  INFO 2716 --- [E_voting] [SpringApplicationShutdownHook] o.s.b.w.e.tomcat.GracefulShutdown        : Commencing graceful shutdown. Waiting for active requests to complete
2026-05-30T09:32:36.663+03:00  INFO 2716 --- [E_voting] [tomcat-shutdown] o.s.b.w.e.tomcat.GracefulShutdown        : Graceful shutdown complete
2026-05-30T09:32:36.671+03:00  INFO 2716 --- [E_voting] [SpringApplicationShutdownHook] j.LocalContainerEntityManagerFactoryBean : Closing JPA EntityManagerFactory for persistence unit 'default'
2026-05-30T09:32:36.674+03:00  INFO 2716 --- [E_voting] [SpringApplicationShutdownHook] com.zaxxer.hikari.HikariDataSource       : HikariPool-1 - Shutdown initiated...
2026-05-30T09:32:36.680+03:00  INFO 2716 --- [E_voting] [SpringApplicationShutdownHook] com.zaxxer.hikari.HikariDataSource       : HikariPool-1 - Shutdown completed.
